{
  "version": "1.5.0",
  "plugins_used": [
    {
      "name": "ArtifactoryDetector"
    },
    {
      "name": "AWSKeyDetector"
    },
    {
      "name": "AzureStorageKeyDetector"
    },
    {
      "name": "Base64HighEntropyString",
      "limit": 4.5
    },
    {
      "name": "BasicAuthDetector"
    },
    {
      "name": "CloudantDetector"
    },
    {
      "name": "DiscordBotTokenDetector"
    },
    {
      "name": "GitHubTokenDetector"
    },
    {
      "name": "GitLabTokenDetector"
    },
    {
      "name": "HexHighEntropyString",
      "limit": 3.0
    },
    {
      "name": "IbmCloudIamDetector"
    },
    {
      "name": "IbmCosHmacDetector"
    },
    {
      "name": "IPPublicDetector"
    },
    {
      "name": "JwtTokenDetector"
    },
    {
      "name": "KeywordDetector",
      "keyword_exclude": ""
    },
    {
      "name": "MailchimpDetector"
    },
    {
      "name": "NpmDetector"
    },
    {
      "name": "OpenAIDetector"
    },
    {
      "name": "PrivateKeyDetector"
    },
    {
      "name": "PypiTokenDetector"
    },
    {
      "name": "SendGridDetector"
    },
    {
      "name": "SlackDetector"
    },
    {
      "name": "SoftlayerDetector"
    },
    {
      "name": "SquareOAuthDetector"
    },
    {
      "name": "StripeDetector"
    },
    {
      "name": "TelegramBotTokenDetector"
    },
    {
      "name": "TwilioKeyDetector"
    }
  ],
  "filters_used": [
    {
      "path": "detect_secrets.filters.allowlist.is_line_allowlisted"
    },
    {
      "path": "detect_secrets.filters.common.is_baseline_file",
      "filename": ".secrets.baseline"
    },
    {
      "path": "detect_secrets.filters.common.is_ignored_due_to_verification_policies",
      "min_level": 2
    },
    {
      "path": "detect_secrets.filters.heuristic.is_indirect_reference"
    },
    {
      "path": "detect_secrets.filters.heuristic.is_likely_id_string"
    },
    {
      "path": "detect_secrets.filters.heuristic.is_lock_file"
    },
    {
      "path": "detect_secrets.filters.heuristic.is_not_alphanumeric_string"
    },
    {
      "path": "detect_secrets.filters.heuristic.is_potential_uuid"
    },
    {
      "path": "detect_secrets.filters.heuristic.is_prefixed_with_dollar_sign"
    },
    {
      "path": "detect_secrets.filters.heuristic.is_sequential_string"
    },
    {
      "path": "detect_secrets.filters.heuristic.is_swagger_file"
    },
    {
      "path": "detect_secrets.filters.heuristic.is_templated_secret"
    },
    {
      "path": "detect_secrets.filters.regex.should_exclude_file",
      "pattern": [
        ".venv|venv|runtime/external|node_modules"
      ]
    }
  ],
  "results": {
    ".continue\\agents\\new-config-1.yaml": [
      {
        "type": "Secret Keyword",
        "filename": ".continue\\agents\\new-config-1.yaml",
        "hashed_secret": "b2efdd99aaaba3836acdf6bb963f8890d553e4b4",
        "is_verified": false,
        "line_number": 14
      }
    ],
    ".continue\\agents\\new-config.yaml": [
      {
        "type": "Secret Keyword",
        "filename": ".continue\\agents\\new-config.yaml",
        "hashed_secret": "b2efdd99aaaba3836acdf6bb963f8890d553e4b4",
        "is_verified": false,
        "line_number": 14
      }
    ],
    ".github\\workflows\\test.yml": [
      {
        "type": "Base64 High Entropy String",
        "filename": ".github\\workflows\\test.yml",
        "hashed_secret": "d2646579ac0bf87db293b367924f5a2b1280c631",
        "is_verified": false,
        "line_number": 392
      }
    ],
    "backend\\api\\auth.py": [
      {
        "type": "Secret Keyword",
        "filename": "backend\\api\\auth.py",
        "hashed_secret": "044765f713142fd5c342338b2650183cc07cad1e",
        "is_verified": false,
        "line_number": 56
      }
    ],
    "backend\\api\\middleware\\request_signing.py": [
      {
        "type": "Secret Keyword",
        "filename": "backend\\api\\middleware\\request_signing.py",
        "hashed_secret": "965957b51cb4983956f38305fb56ce70ee4d94b1",
        "is_verified": false,
        "line_number": 39
      }
    ],
    "backend\\security\\auth_audit.py": [
      {
        "type": "Secret Keyword",
        "filename": "backend\\security\\auth_audit.py",
        "hashed_secret": "94732424e16be827cd46aa294394ab3ce93b55f4",
        "is_verified": false,
        "line_number": 32
      },
      {
        "type": "Secret Keyword",
        "filename": "backend\\security\\auth_audit.py",
        "hashed_secret": "beda0c3294fb7f36ae04bc48c74ddd8c5a97b7e5",
        "is_verified": false,
        "line_number": 33
      }
    ],
    "backend\\security\\pii_detector.py": [
      {
        "type": "Secret Keyword",
        "filename": "backend\\security\\pii_detector.py",
        "hashed_secret": "665b1e3851eefefa3fb878654292f16597d25155",
        "is_verified": false,
        "line_number": 32
      }
    ],
    "backend\\security\\secrets_vault.py": [
      {
        "type": "Secret Keyword",
        "filename": "backend\\security\\secrets_vault.py",
        "hashed_secret": "440a146cc686efdd5c5bd360689095da472a5d5e",
        "is_verified": false,
        "line_number": 317
      },
      {
        "type": "Secret Keyword",
        "filename": "backend\\security\\secrets_vault.py",
        "hashed_secret": "283a5ad422a3d755d799c796ba280904e277061c",
        "is_verified": false,
        "line_number": 321
      },
      {
        "type": "Secret Keyword",
        "filename": "backend\\security\\secrets_vault.py",
        "hashed_secret": "f1aeeedf9d6bd4e5c973310408cfd10156a96b25",
        "is_verified": false,
        "line_number": 322
      },
      {
        "type": "Secret Keyword",
        "filename": "backend\\security\\secrets_vault.py",
        "hashed_secret": "4601cbf5e882520cdb17feb43478634d15c2c6bd",
        "is_verified": false,
        "line_number": 329
      },
      {
        "type": "Secret Keyword",
        "filename": "backend\\security\\secrets_vault.py",
        "hashed_secret": "da546e7a90542b2b914df245e512892c067fe518",
        "is_verified": false,
        "line_number": 330
      }
    ],
    "docs\\developer\\SECRETS_ROTATION_GUIDE.md": [
      {
        "type": "Secret Keyword",
        "filename": "docs\\developer\\SECRETS_ROTATION_GUIDE.md",
        "hashed_secret": "08375580e644a9b64b1ccfcfb2cb3f17c650c750",
        "is_verified": false,
        "line_number": 157
      },
      {
        "type": "Secret Keyword",
        "filename": "docs\\developer\\SECRETS_ROTATION_GUIDE.md",
        "hashed_secret": "1b447eca6f69c26354668f050d0c2cc893605aa5",
        "is_verified": false,
        "line_number": 385
      }
    ],
    "docs\\governance\\NO_STUBS_PLACEHOLDERS_RULE.md": [
      {
        "type": "Secret Keyword",
        "filename": "docs\\governance\\NO_STUBS_PLACEHOLDERS_RULE.md",
        "hashed_secret": "118c413f3fc929a1624f4c3e1da1e3d24377a693",
        "is_verified": false,
        "line_number": 56
      }
    ],
    "docs\\reports\\build\\xaml\\xaml-build-errors.txt": [
      {
        "type": "Base64 High Entropy String",
        "filename": "docs\\reports\\build\\xaml\\xaml-build-errors.txt",
        "hashed_secret": "962b6a52571c28175ccb1a44e4abc4ba3552bf43",
        "is_verified": false,
        "line_number": 2131
      },
      {
        "type": "Base64 High Entropy String",
        "filename": "docs\\reports\\build\\xaml\\xaml-build-errors.txt",
        "hashed_secret": "5a05160f938d3ae8d0d7827a98f9be180618cce1",
        "is_verified": false,
        "line_number": 2201
      }
    ],
    "docs\\reports\\build\\xaml\\xaml_clean_build_diagnostic_log.txt": [
      {
        "type": "Base64 High Entropy String",
        "filename": "docs\\reports\\build\\xaml\\xaml_clean_build_diagnostic_log.txt",
        "hashed_secret": "6ef9ff2e3943c86c6d5df4a50ceb767600d27c36",
        "is_verified": false,
        "line_number": 10958
      },
      {
        "type": "Base64 High Entropy String",
        "filename": "docs\\reports\\build\\xaml\\xaml_clean_build_diagnostic_log.txt",
        "hashed_secret": "962b6a52571c28175ccb1a44e4abc4ba3552bf43",
        "is_verified": false,
        "line_number": 20293
      },
      {
        "type": "Base64 High Entropy String",
        "filename": "docs\\reports\\build\\xaml\\xaml_clean_build_diagnostic_log.txt",
        "hashed_secret": "5a05160f938d3ae8d0d7827a98f9be180618cce1",
        "is_verified": false,
        "line_number": 25030
      }
    ],
    "docs\\reports\\build\\xaml\\xaml_diagnostic_log.txt": [
      {
        "type": "Base64 High Entropy String",
        "filename": "docs\\reports\\build\\xaml\\xaml_diagnostic_log.txt",
        "hashed_secret": "6ef9ff2e3943c86c6d5df4a50ceb767600d27c36",
        "is_verified": false,
        "line_number": 10953
      },
      {
        "type": "Base64 High Entropy String",
        "filename": "docs\\reports\\build\\xaml\\xaml_diagnostic_log.txt",
        "hashed_secret": "962b6a52571c28175ccb1a44e4abc4ba3552bf43",
        "is_verified": false,
        "line_number": 20233
      },
      {
        "type": "Base64 High Entropy String",
        "filename": "docs\\reports\\build\\xaml\\xaml_diagnostic_log.txt",
        "hashed_secret": "5a05160f938d3ae8d0d7827a98f9be180618cce1",
        "is_verified": false,
        "line_number": 24970
      }
    ],
    "src\\VoiceStudio.App.Tests\\Services\\IPC\\RequestSignerTests.cs": [
      {
        "type": "Base64 High Entropy String",
        "filename": "src\\VoiceStudio.App.Tests\\Services\\IPC\\RequestSignerTests.cs",
        "hashed_secret": "bfae92e2cf5bd06aa6dc3156d806d39883d3cf5e",
        "is_verified": false,
        "line_number": 17
      },
      {
        "type": "Secret Keyword",
        "filename": "src\\VoiceStudio.App.Tests\\Services\\IPC\\RequestSignerTests.cs",
        "hashed_secret": "bfae92e2cf5bd06aa6dc3156d806d39883d3cf5e",
        "is_verified": false,
        "line_number": 17
      }
    ],
    "src\\VoiceStudio.App.Tests\\TestResults\\Tyler_DESKTOP-8TCJTKA_2026-02-04_00_00_34.trx": [
      {
        "type": "Base64 High Entropy String",
        "filename": "src\\VoiceStudio.App.Tests\\TestResults\\Tyler_DESKTOP-8TCJTKA_2026-02-04_00_00_34.trx",
        "hashed_secret": "39c124c74c5bee867193bba915f7d2de62790c1f",
        "is_verified": false,
        "line_number": 57
      },
      {
        "type": "Base64 High Entropy String",
        "filename": "src\\VoiceStudio.App.Tests\\TestResults\\Tyler_DESKTOP-8TCJTKA_2026-02-04_00_00_34.trx",
        "hashed_secret": "4fde12c8b283f2bd2b662d5e766d1c0038bfdcec",
        "is_verified": false,
        "line_number": 69
      },
      {
        "type": "Base64 High Entropy String",
        "filename": "src\\VoiceStudio.App.Tests\\TestResults\\Tyler_DESKTOP-8TCJTKA_2026-02-04_00_00_34.trx",
        "hashed_secret": "362b1ee5f1dbb9df126aa6e0256b272208f2df01",
        "is_verified": false,
        "line_number": 245
      },
      {
        "type": "Base64 High Entropy String",
        "filename": "src\\VoiceStudio.App.Tests\\TestResults\\Tyler_DESKTOP-8TCJTKA_2026-02-04_00_00_34.trx",
        "hashed_secret": "a0266d3009be0a90198a4904618bc2006c17595a",
        "is_verified": false,
        "line_number": 248
      }
    ],
    "src\\VoiceStudio.App.Tests\\TestResults\\current_results.trx": [
      {
        "type": "Base64 High Entropy String",
        "filename": "src\\VoiceStudio.App.Tests\\TestResults\\current_results.trx",
        "hashed_secret": "d5fb0ae151cd3a4d67a869c0fb55743c535493af",
        "is_verified": false,
        "line_number": 796
      },
      {
        "type": "Base64 High Entropy String",
        "filename": "src\\VoiceStudio.App.Tests\\TestResults\\current_results.trx",
        "hashed_secret": "362b1ee5f1dbb9df126aa6e0256b272208f2df01",
        "is_verified": false,
        "line_number": 1110
      },
      {
        "type": "Base64 High Entropy String",
        "filename": "src\\VoiceStudio.App.Tests\\TestResults\\current_results.trx",
        "hashed_secret": "a9fa7e439b80ba70c66831d5eadf2d44b5839903",
        "is_verified": false,
        "line_number": 1261
      },
      {
        "type": "Base64 High Entropy String",
        "filename": "src\\VoiceStudio.App.Tests\\TestResults\\current_results.trx",
        "hashed_secret": "a0266d3009be0a90198a4904618bc2006c17595a",
        "is_verified": false,
        "line_number": 2067
      },
      {
        "type": "Base64 High Entropy String",
        "filename": "src\\VoiceStudio.App.Tests\\TestResults\\current_results.trx",
        "hashed_secret": "39c124c74c5bee867193bba915f7d2de62790c1f",
        "is_verified": false,
        "line_number": 2336
      },
      {
        "type": "Base64 High Entropy String",
        "filename": "src\\VoiceStudio.App.Tests\\TestResults\\current_results.trx",
        "hashed_secret": "5b69e1a7c595bcf519b96c5ff54c39a33e5344e2",
        "is_verified": false,
        "line_number": 2529
      },
      {
        "type": "Base64 High Entropy String",
        "filename": "src\\VoiceStudio.App.Tests\\TestResults\\current_results.trx",
        "hashed_secret": "4fde12c8b283f2bd2b662d5e766d1c0038bfdcec",
        "is_verified": false,
        "line_number": 2988
      },
      {
        "type": "Base64 High Entropy String",
        "filename": "src\\VoiceStudio.App.Tests\\TestResults\\current_results.trx",
        "hashed_secret": "40b38b063b178c8d35156744649437712f9a940b",
        "is_verified": false,
        "line_number": 3210
      },
      {
        "type": "Base64 High Entropy String",
        "filename": "src\\VoiceStudio.App.Tests\\TestResults\\current_results.trx",
        "hashed_secret": "b6b03d1a65877b10fd0d61e2107ec7eeab7a325a",
        "is_verified": false,
        "line_number": 3231
      },
      {
        "type": "Base64 High Entropy String",
        "filename": "src\\VoiceStudio.App.Tests\\TestResults\\current_results.trx",
        "hashed_secret": "6f1b9eeec4bcfeba3adccb6ecc0e6982ac906226",
        "is_verified": false,
        "line_number": 4032
      }
    ],
    "src\\VoiceStudio.App.Tests\\TestResults\\final_results.trx": [
      {
        "type": "Base64 High Entropy String",
        "filename": "src\\VoiceStudio.App.Tests\\TestResults\\final_results.trx",
        "hashed_secret": "362b1ee5f1dbb9df126aa6e0256b272208f2df01",
        "is_verified": false,
        "line_number": 56
      },
      {
        "type": "Base64 High Entropy String",
        "filename": "src\\VoiceStudio.App.Tests\\TestResults\\final_results.trx",
        "hashed_secret": "a9fa7e439b80ba70c66831d5eadf2d44b5839903",
        "is_verified": false,
        "line_number": 780
      },
      {
        "type": "Base64 High Entropy String",
        "filename": "src\\VoiceStudio.App.Tests\\TestResults\\final_results.trx",
        "hashed_secret": "39c124c74c5bee867193bba915f7d2de62790c1f",
        "is_verified": false,
        "line_number": 812
      },
      {
        "type": "Base64 High Entropy String",
        "filename": "src\\VoiceStudio.App.Tests\\TestResults\\final_results.trx",
        "hashed_secret": "5b69e1a7c595bcf519b96c5ff54c39a33e5344e2",
        "is_verified": false,
        "line_number": 1366
      },
      {
        "type": "Base64 High Entropy String",
        "filename": "src\\VoiceStudio.App.Tests\\TestResults\\final_results.trx",
        "hashed_secret": "40b38b063b178c8d35156744649437712f9a940b",
        "is_verified": false,
        "line_number": 2133
      },
      {
        "type": "Base64 High Entropy String",
        "filename": "src\\VoiceStudio.App.Tests\\TestResults\\final_results.trx",
        "hashed_secret": "a0266d3009be0a90198a4904618bc2006c17595a",
        "is_verified": false,
        "line_number": 2518
      },
      {
        "type": "Base64 High Entropy String",
        "filename": "src\\VoiceStudio.App.Tests\\TestResults\\final_results.trx",
        "hashed_secret": "6f1b9eeec4bcfeba3adccb6ecc0e6982ac906226",
        "is_verified": false,
        "line_number": 2585
      },
      {
        "type": "Base64 High Entropy String",
        "filename": "src\\VoiceStudio.App.Tests\\TestResults\\final_results.trx",
        "hashed_secret": "d5fb0ae151cd3a4d67a869c0fb55743c535493af",
        "is_verified": false,
        "line_number": 2596
      },
      {
        "type": "Base64 High Entropy String",
        "filename": "src\\VoiceStudio.App.Tests\\TestResults\\final_results.trx",
        "hashed_secret": "4fde12c8b283f2bd2b662d5e766d1c0038bfdcec",
        "is_verified": false,
        "line_number": 2788
      },
      {
        "type": "Base64 High Entropy String",
        "filename": "src\\VoiceStudio.App.Tests\\TestResults\\final_results.trx",
        "hashed_secret": "b6b03d1a65877b10fd0d61e2107ec7eeab7a325a",
        "is_verified": false,
        "line_number": 3210
      }
    ],
    "src\\VoiceStudio.App.Tests\\TestResults\\test_results.trx": [
      {
        "type": "Base64 High Entropy String",
        "filename": "src\\VoiceStudio.App.Tests\\TestResults\\test_results.trx",
        "hashed_secret": "4fde12c8b283f2bd2b662d5e766d1c0038bfdcec",
        "is_verified": false,
        "line_number": 352
      },
      {
        "type": "Base64 High Entropy String",
        "filename": "src\\VoiceStudio.App.Tests\\TestResults\\test_results.trx",
        "hashed_secret": "d5fb0ae151cd3a4d67a869c0fb55743c535493af",
        "is_verified": false,
        "line_number": 735
      },
      {
        "type": "Base64 High Entropy String",
        "filename": "src\\VoiceStudio.App.Tests\\TestResults\\test_results.trx",
        "hashed_secret": "6f1b9eeec4bcfeba3adccb6ecc0e6982ac906226",
        "is_verified": false,
        "line_number": 904
      },
      {
        "type": "Base64 High Entropy String",
        "filename": "src\\VoiceStudio.App.Tests\\TestResults\\test_results.trx",
        "hashed_secret": "a0266d3009be0a90198a4904618bc2006c17595a",
        "is_verified": false,
        "line_number": 1366
      },
      {
        "type": "Base64 High Entropy String",
        "filename": "src\\VoiceStudio.App.Tests\\TestResults\\test_results.trx",
        "hashed_secret": "a9fa7e439b80ba70c66831d5eadf2d44b5839903",
        "is_verified": false,
        "line_number": 1526
      },
      {
        "type": "Base64 High Entropy String",
        "filename": "src\\VoiceStudio.App.Tests\\TestResults\\test_results.trx",
        "hashed_secret": "5b69e1a7c595bcf519b96c5ff54c39a33e5344e2",
        "is_verified": false,
        "line_number": 1608
      },
      {
        "type": "Base64 High Entropy String",
        "filename": "src\\VoiceStudio.App.Tests\\TestResults\\test_results.trx",
        "hashed_secret": "b6b03d1a65877b10fd0d61e2107ec7eeab7a325a",
        "is_verified": false,
        "line_number": 2521
      },
      {
        "type": "Base64 High Entropy String",
        "filename": "src\\VoiceStudio.App.Tests\\TestResults\\test_results.trx",
        "hashed_secret": "40b38b063b178c8d35156744649437712f9a940b",
        "is_verified": false,
        "line_number": 2793
      },
      {
        "type": "Base64 High Entropy String",
        "filename": "src\\VoiceStudio.App.Tests\\TestResults\\test_results.trx",
        "hashed_secret": "39c124c74c5bee867193bba915f7d2de62790c1f",
        "is_verified": false,
        "line_number": 2868
      },
      {
        "type": "Base64 High Entropy String",
        "filename": "src\\VoiceStudio.App.Tests\\TestResults\\test_results.trx",
        "hashed_secret": "362b1ee5f1dbb9df126aa6e0256b272208f2df01",
        "is_verified": false,
        "line_number": 3135
      }
    ],
    "src\\VoiceStudio.App.Tests\\TestResults\\vm_results.trx": [
      {
        "type": "Base64 High Entropy String",
        "filename": "src\\VoiceStudio.App.Tests\\TestResults\\vm_results.trx",
        "hashed_secret": "40b38b063b178c8d35156744649437712f9a940b",
        "is_verified": false,
        "line_number": 1868
      },
      {
        "type": "Base64 High Entropy String",
        "filename": "src\\VoiceStudio.App.Tests\\TestResults\\vm_results.trx",
        "hashed_secret": "b6b03d1a65877b10fd0d61e2107ec7eeab7a325a",
        "is_verified": false,
        "line_number": 2010
      },
      {
        "type": "Base64 High Entropy String",
        "filename": "src\\VoiceStudio.App.Tests\\TestResults\\vm_results.trx",
        "hashed_secret": "6f1b9eeec4bcfeba3adccb6ecc0e6982ac906226",
        "is_verified": false,
        "line_number": 2163
      },
      {
        "type": "Base64 High Entropy String",
        "filename": "src\\VoiceStudio.App.Tests\\TestResults\\vm_results.trx",
        "hashed_secret": "d5fb0ae151cd3a4d67a869c0fb55743c535493af",
        "is_verified": false,
        "line_number": 2617
      },
      {
        "type": "Base64 High Entropy String",
        "filename": "src\\VoiceStudio.App.Tests\\TestResults\\vm_results.trx",
        "hashed_secret": "5b69e1a7c595bcf519b96c5ff54c39a33e5344e2",
        "is_verified": false,
        "line_number": 2726
      },
      {
        "type": "Base64 High Entropy String",
        "filename": "src\\VoiceStudio.App.Tests\\TestResults\\vm_results.trx",
        "hashed_secret": "a9fa7e439b80ba70c66831d5eadf2d44b5839903",
        "is_verified": false,
        "line_number": 3119
      }
    ],
    "src\\VoiceStudio.App\\Services\\AuthService.cs": [
      {
        "type": "Secret Keyword",
        "filename": "src\\VoiceStudio.App\\Services\\AuthService.cs",
        "hashed_secret": "f850a2df6973f68efae95a6219405bb46bfd8cb1",
        "is_verified": false,
        "line_number": 30
      }
    ],
    "tests\\governance\\test_identity_and_audit.py": [
      {
        "type": "Secret Keyword",
        "filename": "tests\\governance\\test_identity_and_audit.py",
        "hashed_secret": "7a91c95479138d6b211980b43f1e2db5305ec6f2",
        "is_verified": false,
        "line_number": 226
      },
      {
        "type": "Secret Keyword",
        "filename": "tests\\governance\\test_identity_and_audit.py",
        "hashed_secret": "a761ce3a45d97e41840a788495e85a70d1bb3815",
        "is_verified": false,
        "line_number": 227
      }
    ],
    "tests\\unit\\backend\\api\\middleware\\test_request_signing.py": [
      {
        "type": "Secret Keyword",
        "filename": "tests\\unit\\backend\\api\\middleware\\test_request_signing.py",
        "hashed_secret": "9d243007d86f8cd387fc95a7fe75a184f029ab5a",
        "is_verified": false,
        "line_number": 271
      }
    ],
    "tests\\unit\\backend\\api\\routes\\test_pdf.py": [
      {
        "type": "Secret Keyword",
        "filename": "tests\\unit\\backend\\api\\routes\\test_pdf.py",
        "hashed_secret": "206c80413b9a96c1312cc346b7d2517b84463edd",
        "is_verified": false,
        "line_number": 148
      }
    ],
    "tests\\unit\\backend\\services\\test_audit_logger.py": [
      {
        "type": "Secret Keyword",
        "filename": "tests\\unit\\backend\\services\\test_audit_logger.py",
        "hashed_secret": "f2b14f68eb995facb3a1c35287b778d5bd785511",
        "is_verified": false,
        "line_number": 283
      },
      {
        "type": "Secret Keyword",
        "filename": "tests\\unit\\backend\\services\\test_audit_logger.py",
        "hashed_secret": "cba7d8d926ee837cf3f92636a6d1cd0eb397db64",
        "is_verified": false,
        "line_number": 284
      }
    ],
    "tests\\unit\\core\\engines\\test_openai_tts_engine.py": [
      {
        "type": "Secret Keyword",
        "filename": "tests\\unit\\core\\engines\\test_openai_tts_engine.py",
        "hashed_secret": "00942f4668670f34c5943cf52c7ef3139fe2b8d6",
        "is_verified": false,
        "line_number": 54
      }
    ]
  },
  "generated_at": "2026-02-10T14:25:41Z"
}
