{
  "version": "1.5.0",
  "plugins_used": [
    {
      "name": "ArtifactoryDetector"
    },
    {
      "name": "AWSKeyDetector"
    },
    {
      "name": "AzureStorageKeyDetector"
    },
    {
      "name": "Base64HighEntropyString",
      "limit": 4.5
    },
    {
      "name": "BasicAuthDetector"
    },
    {
      "name": "CloudantDetector"
    },
    {
      "name": "DiscordBotTokenDetector"
    },
    {
      "name": "GitHubTokenDetector"
    },
    {
      "name": "GitLabTokenDetector"
    },
    {
      "name": "HexHighEntropyString",
      "limit": 3.0
    },
    {
      "name": "IbmCloudIamDetector"
    },
    {
      "name": "IbmCosHmacDetector"
    },
    {
      "name": "IPPublicDetector"
    },
    {
      "name": "JwtTokenDetector"
    },
    {
      "name": "KeywordDetector",
      "keyword_exclude": ""
    },
    {
      "name": "MailchimpDetector"
    },
    {
      "name": "NpmDetector"
    },
    {
      "name": "OpenAIDetector"
    },
    {
      "name": "PrivateKeyDetector"
    },
    {
      "name": "PypiTokenDetector"
    },
    {
      "name": "SendGridDetector"
    },
    {
      "name": "SlackDetector"
    },
    {
      "name": "SoftlayerDetector"
    },
    {
      "name": "SquareOAuthDetector"
    },
    {
      "name": "StripeDetector"
    },
    {
      "name": "TelegramBotTokenDetector"
    },
    {
      "name": "TwilioKeyDetector"
    }
  ],
  "filters_used": [
    {
      "path": "detect_secrets.filters.allowlist.is_line_allowlisted"
    },
    {
      "path": "detect_secrets.filters.common.is_baseline_file",
      "filename": "E:\\VoiceStudio\\.secrets.baseline"
    },
    {
      "path": "detect_secrets.filters.common.is_ignored_due_to_verification_policies",
      "min_level": 2
    },
    {
      "path": "detect_secrets.filters.heuristic.is_indirect_reference"
    },
    {
      "path": "detect_secrets.filters.heuristic.is_likely_id_string"
    },
    {
      "path": "detect_secrets.filters.heuristic.is_lock_file"
    },
    {
      "path": "detect_secrets.filters.heuristic.is_not_alphanumeric_string"
    },
    {
      "path": "detect_secrets.filters.heuristic.is_potential_uuid"
    },
    {
      "path": "detect_secrets.filters.heuristic.is_prefixed_with_dollar_sign"
    },
    {
      "path": "detect_secrets.filters.heuristic.is_sequential_string"
    },
    {
      "path": "detect_secrets.filters.heuristic.is_swagger_file"
    },
    {
      "path": "detect_secrets.filters.heuristic.is_templated_secret"
    },
    {
      "path": "detect_secrets.filters.regex.should_exclude_file",
      "pattern": [
        ".venv|venv|runtime/external|node_modules"
      ]
    }
  ],
  "results": {
    ".continue\\agents\\new-config-1.yaml": [
      {
        "type": "Secret Keyword",
        "filename": ".continue\\agents\\new-config-1.yaml",
        "hashed_secret": "b2efdd99aaaba3836acdf6bb963f8890d553e4b4",
        "is_verified": false,
        "line_number": 14
      }
    ],
    ".continue\\agents\\new-config.yaml": [
      {
        "type": "Secret Keyword",
        "filename": ".continue\\agents\\new-config.yaml",
        "hashed_secret": "b2efdd99aaaba3836acdf6bb963f8890d553e4b4",
        "is_verified": false,
        "line_number": 14
      }
    ],
    ".github\\workflows\\test.yml": [
      {
        "type": "Base64 High Entropy String",
        "filename": ".github\\workflows\\test.yml",
        "hashed_secret": "d2646579ac0bf87db293b367924f5a2b1280c631",
        "is_verified": false,
        "line_number": 362
      }
    ],
    ".secrets.baseline": [
      {
        "type": "Hex High Entropy String",
        "filename": ".secrets.baseline",
        "hashed_secret": "908d7c31901386114aa594fdb66dda653b6acce7",
        "is_verified": false,
        "line_number": 140
      },
      {
        "type": "Secret Keyword",
        "filename": ".secrets.baseline",
        "hashed_secret": "908d7c31901386114aa594fdb66dda653b6acce7",
        "is_verified": false,
        "line_number": 140
      },
      {
        "type": "Hex High Entropy String",
        "filename": ".secrets.baseline",
        "hashed_secret": "2e02bb32e8dc0896a72b597addfe5988d97fe0a4",
        "is_verified": false,
        "line_number": 158
      },
      {
        "type": "Secret Keyword",
        "filename": ".secrets.baseline",
        "hashed_secret": "2e02bb32e8dc0896a72b597addfe5988d97fe0a4",
        "is_verified": false,
        "line_number": 158
      },
      {
        "type": "Hex High Entropy String",
        "filename": ".secrets.baseline",
        "hashed_secret": "fdb7e3ec7d829c098c7ec6b87de744612efd22f6",
        "is_verified": false,
        "line_number": 167
      },
      {
        "type": "Secret Keyword",
        "filename": ".secrets.baseline",
        "hashed_secret": "fdb7e3ec7d829c098c7ec6b87de744612efd22f6",
        "is_verified": false,
        "line_number": 167
      },
      {
        "type": "Hex High Entropy String",
        "filename": ".secrets.baseline",
        "hashed_secret": "f48fbce01e33afa5824ab73fc031ad9965d81957",
        "is_verified": false,
        "line_number": 176
      },
      {
        "type": "Secret Keyword",
        "filename": ".secrets.baseline",
        "hashed_secret": "f48fbce01e33afa5824ab73fc031ad9965d81957",
        "is_verified": false,
        "line_number": 176
      },
      {
        "type": "Hex High Entropy String",
        "filename": ".secrets.baseline",
        "hashed_secret": "33e3f65fdd24736edad3b78bfb75fe847e47a364",
        "is_verified": false,
        "line_number": 183
      },
      {
        "type": "Secret Keyword",
        "filename": ".secrets.baseline",
        "hashed_secret": "33e3f65fdd24736edad3b78bfb75fe847e47a364",
        "is_verified": false,
        "line_number": 183
      },
      {
        "type": "Hex High Entropy String",
        "filename": ".secrets.baseline",
        "hashed_secret": "05124a8df6e8aae73ca9212bbaa79f1de144e15f",
        "is_verified": false,
        "line_number": 192
      },
      {
        "type": "Secret Keyword",
        "filename": ".secrets.baseline",
        "hashed_secret": "05124a8df6e8aae73ca9212bbaa79f1de144e15f",
        "is_verified": false,
        "line_number": 192
      },
      {
        "type": "Hex High Entropy String",
        "filename": ".secrets.baseline",
        "hashed_secret": "f3b1b97b861bfc0278388de3b5d2b7b1b93aadb3",
        "is_verified": false,
        "line_number": 238
      },
      {
        "type": "Secret Keyword",
        "filename": ".secrets.baseline",
        "hashed_secret": "f3b1b97b861bfc0278388de3b5d2b7b1b93aadb3",
        "is_verified": false,
        "line_number": 238
      },
      {
        "type": "Hex High Entropy String",
        "filename": ".secrets.baseline",
        "hashed_secret": "4d44f003e06127f410977d062ed39ae9ec9a8a65",
        "is_verified": false,
        "line_number": 245
      },
      {
        "type": "Secret Keyword",
        "filename": ".secrets.baseline",
        "hashed_secret": "4d44f003e06127f410977d062ed39ae9ec9a8a65",
        "is_verified": false,
        "line_number": 245
      },
      {
        "type": "Hex High Entropy String",
        "filename": ".secrets.baseline",
        "hashed_secret": "75f2d324c82d2bfccd880b815ea6c33fa74ca0f4",
        "is_verified": false,
        "line_number": 252
      },
      {
        "type": "Secret Keyword",
        "filename": ".secrets.baseline",
        "hashed_secret": "75f2d324c82d2bfccd880b815ea6c33fa74ca0f4",
        "is_verified": false,
        "line_number": 252
      },
      {
        "type": "Hex High Entropy String",
        "filename": ".secrets.baseline",
        "hashed_secret": "6921e7c69892a51007c4e4f8a691ad41c70fce21",
        "is_verified": false,
        "line_number": 259
      },
      {
        "type": "Secret Keyword",
        "filename": ".secrets.baseline",
        "hashed_secret": "6921e7c69892a51007c4e4f8a691ad41c70fce21",
        "is_verified": false,
        "line_number": 259
      },
      {
        "type": "Hex High Entropy String",
        "filename": ".secrets.baseline",
        "hashed_secret": "328e9074f92387fa6e508a3f4cd150ef93e8af6e",
        "is_verified": false,
        "line_number": 268
      },
      {
        "type": "Secret Keyword",
        "filename": ".secrets.baseline",
        "hashed_secret": "328e9074f92387fa6e508a3f4cd150ef93e8af6e",
        "is_verified": false,
        "line_number": 268
      },
      {
        "type": "Hex High Entropy String",
        "filename": ".secrets.baseline",
        "hashed_secret": "3798265a3609ce16331b642e40478eda0da48e54",
        "is_verified": false,
        "line_number": 275
      },
      {
        "type": "Secret Keyword",
        "filename": ".secrets.baseline",
        "hashed_secret": "3798265a3609ce16331b642e40478eda0da48e54",
        "is_verified": false,
        "line_number": 275
      },
      {
        "type": "Hex High Entropy String",
        "filename": ".secrets.baseline",
        "hashed_secret": "4283f0e6737e874bbaad4f9b713167f0e308b513",
        "is_verified": false,
        "line_number": 284
      },
      {
        "type": "Secret Keyword",
        "filename": ".secrets.baseline",
        "hashed_secret": "4283f0e6737e874bbaad4f9b713167f0e308b513",
        "is_verified": false,
        "line_number": 284
      },
      {
        "type": "Hex High Entropy String",
        "filename": ".secrets.baseline",
        "hashed_secret": "7a8845de943d5430134907bdb34a227510b46dc3",
        "is_verified": false,
        "line_number": 293
      },
      {
        "type": "Secret Keyword",
        "filename": ".secrets.baseline",
        "hashed_secret": "7a8845de943d5430134907bdb34a227510b46dc3",
        "is_verified": false,
        "line_number": 293
      }
    ],
    "backend\\api\\auth.py": [
      {
        "type": "Secret Keyword",
        "filename": "backend\\api\\auth.py",
        "hashed_secret": "044765f713142fd5c342338b2650183cc07cad1e",
        "is_verified": false,
        "line_number": 56
      }
    ],
    "docs\\reports\\build\\xaml\\xaml-build-errors.txt": [
      {
        "type": "Base64 High Entropy String",
        "filename": "docs\\reports\\build\\xaml\\xaml-build-errors.txt",
        "hashed_secret": "962b6a52571c28175ccb1a44e4abc4ba3552bf43",
        "is_verified": false,
        "line_number": 2131
      },
      {
        "type": "Base64 High Entropy String",
        "filename": "docs\\reports\\build\\xaml\\xaml-build-errors.txt",
        "hashed_secret": "5a05160f938d3ae8d0d7827a98f9be180618cce1",
        "is_verified": false,
        "line_number": 2201
      }
    ],
    "docs\\reports\\build\\xaml\\xaml_clean_build_diagnostic_log.txt": [
      {
        "type": "Base64 High Entropy String",
        "filename": "docs\\reports\\build\\xaml\\xaml_clean_build_diagnostic_log.txt",
        "hashed_secret": "6ef9ff2e3943c86c6d5df4a50ceb767600d27c36",
        "is_verified": false,
        "line_number": 10958
      },
      {
        "type": "Base64 High Entropy String",
        "filename": "docs\\reports\\build\\xaml\\xaml_clean_build_diagnostic_log.txt",
        "hashed_secret": "962b6a52571c28175ccb1a44e4abc4ba3552bf43",
        "is_verified": false,
        "line_number": 20293
      },
      {
        "type": "Base64 High Entropy String",
        "filename": "docs\\reports\\build\\xaml\\xaml_clean_build_diagnostic_log.txt",
        "hashed_secret": "5a05160f938d3ae8d0d7827a98f9be180618cce1",
        "is_verified": false,
        "line_number": 25030
      }
    ],
    "docs\\reports\\build\\xaml\\xaml_diagnostic_log.txt": [
      {
        "type": "Base64 High Entropy String",
        "filename": "docs\\reports\\build\\xaml\\xaml_diagnostic_log.txt",
        "hashed_secret": "6ef9ff2e3943c86c6d5df4a50ceb767600d27c36",
        "is_verified": false,
        "line_number": 10953
      },
      {
        "type": "Base64 High Entropy String",
        "filename": "docs\\reports\\build\\xaml\\xaml_diagnostic_log.txt",
        "hashed_secret": "962b6a52571c28175ccb1a44e4abc4ba3552bf43",
        "is_verified": false,
        "line_number": 20233
      },
      {
        "type": "Base64 High Entropy String",
        "filename": "docs\\reports\\build\\xaml\\xaml_diagnostic_log.txt",
        "hashed_secret": "5a05160f938d3ae8d0d7827a98f9be180618cce1",
        "is_verified": false,
        "line_number": 24970
      }
    ],
    "src\\VoiceStudio.App.Tests\\TestResults\\Tyler_DESKTOP-8TCJTKA_2026-02-04_00_00_34.trx": [
      {
        "type": "Base64 High Entropy String",
        "filename": "src\\VoiceStudio.App.Tests\\TestResults\\Tyler_DESKTOP-8TCJTKA_2026-02-04_00_00_34.trx",
        "hashed_secret": "39c124c74c5bee867193bba915f7d2de62790c1f",
        "is_verified": false,
        "line_number": 57
      },
      {
        "type": "Base64 High Entropy String",
        "filename": "src\\VoiceStudio.App.Tests\\TestResults\\Tyler_DESKTOP-8TCJTKA_2026-02-04_00_00_34.trx",
        "hashed_secret": "4fde12c8b283f2bd2b662d5e766d1c0038bfdcec",
        "is_verified": false,
        "line_number": 69
      },
      {
        "type": "Base64 High Entropy String",
        "filename": "src\\VoiceStudio.App.Tests\\TestResults\\Tyler_DESKTOP-8TCJTKA_2026-02-04_00_00_34.trx",
        "hashed_secret": "362b1ee5f1dbb9df126aa6e0256b272208f2df01",
        "is_verified": false,
        "line_number": 245
      },
      {
        "type": "Base64 High Entropy String",
        "filename": "src\\VoiceStudio.App.Tests\\TestResults\\Tyler_DESKTOP-8TCJTKA_2026-02-04_00_00_34.trx",
        "hashed_secret": "a0266d3009be0a90198a4904618bc2006c17595a",
        "is_verified": false,
        "line_number": 248
      }
    ],
    "tests\\governance\\test_identity_and_audit.py": [
      {
        "type": "Secret Keyword",
        "filename": "tests\\governance\\test_identity_and_audit.py",
        "hashed_secret": "7a91c95479138d6b211980b43f1e2db5305ec6f2",
        "is_verified": false,
        "line_number": 226
      },
      {
        "type": "Secret Keyword",
        "filename": "tests\\governance\\test_identity_and_audit.py",
        "hashed_secret": "a761ce3a45d97e41840a788495e85a70d1bb3815",
        "is_verified": false,
        "line_number": 227
      }
    ],
    "tests\\unit\\backend\\api\\routes\\test_pdf.py": [
      {
        "type": "Secret Keyword",
        "filename": "tests\\unit\\backend\\api\\routes\\test_pdf.py",
        "hashed_secret": "206c80413b9a96c1312cc346b7d2517b84463edd",
        "is_verified": false,
        "line_number": 137
      }
    ],
    "tests\\unit\\core\\engines\\test_openai_tts_engine.py": [
      {
        "type": "Secret Keyword",
        "filename": "tests\\unit\\core\\engines\\test_openai_tts_engine.py",
        "hashed_secret": "00942f4668670f34c5943cf52c7ef3139fe2b8d6",
        "is_verified": false,
        "line_number": 54
      }
    ]
  },
  "generated_at": "2026-02-05T14:23:26Z"
}
