{
  "version": "1.5.0",
  "plugins_used": [
    {
      "name": "ArtifactoryDetector"
    },
    {
      "name": "AWSKeyDetector"
    },
    {
      "name": "AzureStorageKeyDetector"
    },
    {
      "name": "Base64HighEntropyString",
      "limit": 4.5
    },
    {
      "name": "BasicAuthDetector"
    },
    {
      "name": "CloudantDetector"
    },
    {
      "name": "DiscordBotTokenDetector"
    },
    {
      "name": "GitHubTokenDetector"
    },
    {
      "name": "GitLabTokenDetector"
    },
    {
      "name": "HexHighEntropyString",
      "limit": 3.0
    },
    {
      "name": "IbmCloudIamDetector"
    },
    {
      "name": "IbmCosHmacDetector"
    },
    {
      "name": "IPPublicDetector"
    },
    {
      "name": "JwtTokenDetector"
    },
    {
      "name": "KeywordDetector",
      "keyword_exclude": ""
    },
    {
      "name": "MailchimpDetector"
    },
    {
      "name": "NpmDetector"
    },
    {
      "name": "OpenAIDetector"
    },
    {
      "name": "PrivateKeyDetector"
    },
    {
      "name": "PypiTokenDetector"
    },
    {
      "name": "SendGridDetector"
    },
    {
      "name": "SlackDetector"
    },
    {
      "name": "SoftlayerDetector"
    },
    {
      "name": "SquareOAuthDetector"
    },
    {
      "name": "StripeDetector"
    },
    {
      "name": "TelegramBotTokenDetector"
    },
    {
      "name": "TwilioKeyDetector"
    }
  ],
  "filters_used": [
    {
      "path": "detect_secrets.filters.allowlist.is_line_allowlisted"
    },
    {
      "path": "detect_secrets.filters.common.is_ignored_due_to_verification_policies",
      "min_level": 2
    },
    {
      "path": "detect_secrets.filters.heuristic.is_indirect_reference"
    },
    {
      "path": "detect_secrets.filters.heuristic.is_likely_id_string"
    },
    {
      "path": "detect_secrets.filters.heuristic.is_lock_file"
    },
    {
      "path": "detect_secrets.filters.heuristic.is_not_alphanumeric_string"
    },
    {
      "path": "detect_secrets.filters.heuristic.is_potential_uuid"
    },
    {
      "path": "detect_secrets.filters.heuristic.is_prefixed_with_dollar_sign"
    },
    {
      "path": "detect_secrets.filters.heuristic.is_sequential_string"
    },
    {
      "path": "detect_secrets.filters.heuristic.is_swagger_file"
    },
    {
      "path": "detect_secrets.filters.heuristic.is_templated_secret"
    },
    {
      "path": "detect_secrets.filters.regex.should_exclude_file",
      "pattern": [
        ".venv|venv|runtime/external|node_modules"
      ]
    }
  ],
  "results": {
    ".continue\\agents\\new-config-1.yaml": [
      {
        "type": "Secret Keyword",
        "filename": ".continue\\agents\\new-config-1.yaml",
        "hashed_secret": "b2efdd99aaaba3836acdf6bb963f8890d553e4b4",
        "is_verified": false,
        "line_number": 14
      }
    ],
    ".continue\\agents\\new-config.yaml": [
      {
        "type": "Secret Keyword",
        "filename": ".continue\\agents\\new-config.yaml",
        "hashed_secret": "b2efdd99aaaba3836acdf6bb963f8890d553e4b4",
        "is_verified": false,
        "line_number": 14
      }
    ],
    "backend\\api\\auth.py": [
      {
        "type": "Secret Keyword",
        "filename": "backend\\api\\auth.py",
        "hashed_secret": "044765f713142fd5c342338b2650183cc07cad1e",
        "is_verified": false,
        "line_number": 54
      }
    ],
    "docs\\reports\\build\\xaml\\xaml-build-errors.txt": [
      {
        "type": "Base64 High Entropy String",
        "filename": "docs\\reports\\build\\xaml\\xaml-build-errors.txt",
        "hashed_secret": "962b6a52571c28175ccb1a44e4abc4ba3552bf43",
        "is_verified": false,
        "line_number": 2131
      },
      {
        "type": "Base64 High Entropy String",
        "filename": "docs\\reports\\build\\xaml\\xaml-build-errors.txt",
        "hashed_secret": "5a05160f938d3ae8d0d7827a98f9be180618cce1",
        "is_verified": false,
        "line_number": 2201
      }
    ],
    "docs\\reports\\build\\xaml\\xaml_clean_build_diagnostic_log.txt": [
      {
        "type": "Base64 High Entropy String",
        "filename": "docs\\reports\\build\\xaml\\xaml_clean_build_diagnostic_log.txt",
        "hashed_secret": "6ef9ff2e3943c86c6d5df4a50ceb767600d27c36",
        "is_verified": false,
        "line_number": 10958
      },
      {
        "type": "Base64 High Entropy String",
        "filename": "docs\\reports\\build\\xaml\\xaml_clean_build_diagnostic_log.txt",
        "hashed_secret": "962b6a52571c28175ccb1a44e4abc4ba3552bf43",
        "is_verified": false,
        "line_number": 20293
      },
      {
        "type": "Base64 High Entropy String",
        "filename": "docs\\reports\\build\\xaml\\xaml_clean_build_diagnostic_log.txt",
        "hashed_secret": "5a05160f938d3ae8d0d7827a98f9be180618cce1",
        "is_verified": false,
        "line_number": 25030
      }
    ],
    "docs\\reports\\build\\xaml\\xaml_diagnostic_log.txt": [
      {
        "type": "Base64 High Entropy String",
        "filename": "docs\\reports\\build\\xaml\\xaml_diagnostic_log.txt",
        "hashed_secret": "6ef9ff2e3943c86c6d5df4a50ceb767600d27c36",
        "is_verified": false,
        "line_number": 10953
      },
      {
        "type": "Base64 High Entropy String",
        "filename": "docs\\reports\\build\\xaml\\xaml_diagnostic_log.txt",
        "hashed_secret": "962b6a52571c28175ccb1a44e4abc4ba3552bf43",
        "is_verified": false,
        "line_number": 20233
      },
      {
        "type": "Base64 High Entropy String",
        "filename": "docs\\reports\\build\\xaml\\xaml_diagnostic_log.txt",
        "hashed_secret": "5a05160f938d3ae8d0d7827a98f9be180618cce1",
        "is_verified": false,
        "line_number": 24970
      }
    ],
    "tests\\governance\\test_identity_and_audit.py": [
      {
        "type": "Secret Keyword",
        "filename": "tests\\governance\\test_identity_and_audit.py",
        "hashed_secret": "7a91c95479138d6b211980b43f1e2db5305ec6f2",
        "is_verified": false,
        "line_number": 225
      },
      {
        "type": "Secret Keyword",
        "filename": "tests\\governance\\test_identity_and_audit.py",
        "hashed_secret": "a761ce3a45d97e41840a788495e85a70d1bb3815",
        "is_verified": false,
        "line_number": 226
      }
    ],
    "tests\\unit\\backend\\api\\routes\\test_pdf.py": [
      {
        "type": "Secret Keyword",
        "filename": "tests\\unit\\backend\\api\\routes\\test_pdf.py",
        "hashed_secret": "206c80413b9a96c1312cc346b7d2517b84463edd",
        "is_verified": false,
        "line_number": 134
      }
    ],
    "tests\\unit\\core\\engines\\test_openai_tts_engine.py": [
      {
        "type": "Secret Keyword",
        "filename": "tests\\unit\\core\\engines\\test_openai_tts_engine.py",
        "hashed_secret": "00942f4668670f34c5943cf52c7ef3139fe2b8d6",
        "is_verified": false,
        "line_number": 51
      }
    ]
  },
  "generated_at": "2026-02-02T05:03:48Z"
}
