E:\VoiceStudio\src\VoiceStudio.App\Services\AppServices.cs(328,19): warning CS0618: 'PanelLoader' is obsolete: 'Use PanelRegistry.CreatePanel() instead. This class will be removed in a future release.' [E:\VoiceStudio\src\VoiceStudio.App\VoiceStudio.App.csproj]
E:\VoiceStudio\src\VoiceStudio.App\Services\AppServices.cs(329,19): warning CS0618: 'PanelLoader' is obsolete: 'Use PanelRegistry.CreatePanel() instead. This class will be removed in a future release.' [E:\VoiceStudio\src\VoiceStudio.App\VoiceStudio.App.csproj]
E:\VoiceStudio\src\VoiceStudio.App\Services\AppServices.cs(329,19): warning CS0618: 'PanelLoader' is obsolete: 'Use PanelRegistry.CreatePanel() instead. This class will be removed in a future release.' [E:\VoiceStudio\src\VoiceStudio.App\VoiceStudio.App.csproj]
E:\VoiceStudio\src\VoiceStudio.App\Controls\PanelHost.xaml.cs(754,12): warning CS0618: 'PanelLoader' is obsolete: 'Use PanelRegistry.CreatePanel() instead. This class will be removed in a future release.' [E:\VoiceStudio\src\VoiceStudio.App\VoiceStudio.App.csproj]
E:\VoiceStudio\src\VoiceStudio.App\Controls\PanelHost.xaml.cs(754,12): warning CS0618: 'PanelLoader' is obsolete: 'Use PanelRegistry.CreatePanel() instead. This class will be removed in a future release.' [E:\VoiceStudio\src\VoiceStudio.App\VoiceStudio.App.csproj]
E:\VoiceStudio\src\VoiceStudio.App\Controls\PanelHost.xaml.cs(25,13): warning CS0618: 'PanelLoader' is obsolete: 'Use PanelRegistry.CreatePanel() instead. This class will be removed in a future release.' [E:\VoiceStudio\src\VoiceStudio.App\VoiceStudio.App.csproj]
E:\VoiceStudio\src\VoiceStudio.App\Controls\PanelHost.xaml.cs(25,13): warning CS0618: 'PanelLoader' is obsolete: 'Use PanelRegistry.CreatePanel() instead. This class will be removed in a future release.' [E:\VoiceStudio\src\VoiceStudio.App\VoiceStudio.App.csproj]
E:\VoiceStudio\src\VoiceStudio.App\Services\ServiceProvider.cs(138,19): warning CS0618: 'PanelLoader' is obsolete: 'Use PanelRegistry.CreatePanel() instead. This class will be removed in a future release.' [E:\VoiceStudio\src\VoiceStudio.App\VoiceStudio.App.csproj]
E:\VoiceStudio\src\VoiceStudio.App\Services\ServiceProvider.cs(139,19): warning CS0618: 'PanelLoader' is obsolete: 'Use PanelRegistry.CreatePanel() instead. This class will be removed in a future release.' [E:\VoiceStudio\src\VoiceStudio.App\VoiceStudio.App.csproj]
E:\VoiceStudio\src\VoiceStudio.App\Services\ServiceProvider.cs(139,19): warning CS0618: 'PanelLoader' is obsolete: 'Use PanelRegistry.CreatePanel() instead. This class will be removed in a future release.' [E:\VoiceStudio\src\VoiceStudio.App\VoiceStudio.App.csproj]
E:\VoiceStudio\src\VoiceStudio.App\Services\AppServices.cs(192,29): warning CS0618: 'PanelLoader' is obsolete: 'Use PanelRegistry.CreatePanel() instead. This class will be removed in a future release.' [E:\VoiceStudio\src\VoiceStudio.App\VoiceStudio.App.csproj]
E:\VoiceStudio\src\VoiceStudio.App\Services\AppServices.cs(328,70): warning CS0618: 'PanelLoader' is obsolete: 'Use PanelRegistry.CreatePanel() instead. This class will be removed in a future release.' [E:\VoiceStudio\src\VoiceStudio.App\VoiceStudio.App.csproj]
E:\VoiceStudio\src\VoiceStudio.App\Services\AppServices.cs(329,66): warning CS0618: 'PanelLoader' is obsolete: 'Use PanelRegistry.CreatePanel() instead. This class will be removed in a future release.' [E:\VoiceStudio\src\VoiceStudio.App\VoiceStudio.App.csproj]

Build succeeded.

E:\VoiceStudio\src\VoiceStudio.App\Services\AppServices.cs(328,19): warning CS0618: 'PanelLoader' is obsolete: 'Use PanelRegistry.CreatePanel() instead. This class will be removed in a future release.' [E:\VoiceStudio\src\VoiceStudio.App\VoiceStudio.App.csproj]
E:\VoiceStudio\src\VoiceStudio.App\Services\AppServices.cs(329,19): warning CS0618: 'PanelLoader' is obsolete: 'Use PanelRegistry.CreatePanel() instead. This class will be removed in a future release.' [E:\VoiceStudio\src\VoiceStudio.App\VoiceStudio.App.csproj]
E:\VoiceStudio\src\VoiceStudio.App\Services\AppServices.cs(329,19): warning CS0618: 'PanelLoader' is obsolete: 'Use PanelRegistry.CreatePanel() instead. This class will be removed in a future release.' [E:\VoiceStudio\src\VoiceStudio.App\VoiceStudio.App.csproj]
E:\VoiceStudio\src\VoiceStudio.App\Controls\PanelHost.xaml.cs(754,12): warning CS0618: 'PanelLoader' is obsolete: 'Use PanelRegistry.CreatePanel() instead. This class will be removed in a future release.' [E:\VoiceStudio\src\VoiceStudio.App\VoiceStudio.App.csproj]
E:\VoiceStudio\src\VoiceStudio.App\Controls\PanelHost.xaml.cs(754,12): warning CS0618: 'PanelLoader' is obsolete: 'Use PanelRegistry.CreatePanel() instead. This class will be removed in a future release.' [E:\VoiceStudio\src\VoiceStudio.App\VoiceStudio.App.csproj]
E:\VoiceStudio\src\VoiceStudio.App\Controls\PanelHost.xaml.cs(25,13): warning CS0618: 'PanelLoader' is obsolete: 'Use PanelRegistry.CreatePanel() instead. This class will be removed in a future release.' [E:\VoiceStudio\src\VoiceStudio.App\VoiceStudio.App.csproj]
E:\VoiceStudio\src\VoiceStudio.App\Controls\PanelHost.xaml.cs(25,13): warning CS0618: 'PanelLoader' is obsolete: 'Use PanelRegistry.CreatePanel() instead. This class will be removed in a future release.' [E:\VoiceStudio\src\VoiceStudio.App\VoiceStudio.App.csproj]
E:\VoiceStudio\src\VoiceStudio.App\Services\ServiceProvider.cs(138,19): warning CS0618: 'PanelLoader' is obsolete: 'Use PanelRegistry.CreatePanel() instead. This class will be removed in a future release.' [E:\VoiceStudio\src\VoiceStudio.App\VoiceStudio.App.csproj]
E:\VoiceStudio\src\VoiceStudio.App\Services\ServiceProvider.cs(139,19): warning CS0618: 'PanelLoader' is obsolete: 'Use PanelRegistry.CreatePanel() instead. This class will be removed in a future release.' [E:\VoiceStudio\src\VoiceStudio.App\VoiceStudio.App.csproj]
E:\VoiceStudio\src\VoiceStudio.App\Services\ServiceProvider.cs(139,19): warning CS0618: 'PanelLoader' is obsolete: 'Use PanelRegistry.CreatePanel() instead. This class will be removed in a future release.' [E:\VoiceStudio\src\VoiceStudio.App\VoiceStudio.App.csproj]
E:\VoiceStudio\src\VoiceStudio.App\Services\AppServices.cs(192,29): warning CS0618: 'PanelLoader' is obsolete: 'Use PanelRegistry.CreatePanel() instead. This class will be removed in a future release.' [E:\VoiceStudio\src\VoiceStudio.App\VoiceStudio.App.csproj]
E:\VoiceStudio\src\VoiceStudio.App\Services\AppServices.cs(328,70): warning CS0618: 'PanelLoader' is obsolete: 'Use PanelRegistry.CreatePanel() instead. This class will be removed in a future release.' [E:\VoiceStudio\src\VoiceStudio.App\VoiceStudio.App.csproj]
E:\VoiceStudio\src\VoiceStudio.App\Services\AppServices.cs(329,66): warning CS0618: 'PanelLoader' is obsolete: 'Use PanelRegistry.CreatePanel() instead. This class will be removed in a future release.' [E:\VoiceStudio\src\VoiceStudio.App\VoiceStudio.App.csproj]
    13 Warning(s)
    0 Error(s)

Time Elapsed 00:00:30.55
